[index-2.html]
[backblue.gif]
[fade.gif]
[index.html]
[index-2.html]
[index.php/Main_Page.html]
[load6cab.css]
[load2c8d.php]
[favicon.ico]
[index0c49.html]
[opensearch_desc.php]
[api-result251f.xml]
[index.7890f.delayed]
[feeda295.xml]
[index.php/Android.html]
[index.php/Category_Recipes.html]
[index.php/Category_Lead_Sheets.html]
[index.php/Category_Projects.html]
[index.php/My_Songs.html]
[index.php/Note_To_Self.html]
[index.php/Interesting_Extensions.html]
[index.php/Collaborative_Game_Development.html]
[indexcf80.html]
[index33b9.html]
[index30ae.html]
[index0fd5.html]
[index.php/User_TheGleep.html]
[index.php/User_talk_TheGleep.html]
[index.php/Special_Preferences.html]
[index.php/Special_Watchlist.html]
[index.php/Special_Contributions/TheGleep.html]
[index69f0.html]
[indexeb10.php]
[index.php/Talk_Main_Page]
[indexa1df.html]
[index7539.php]
[indexe2e8.html]
[index9a72.html]
[index.php/Special_MovePage/Main_Page.html]
[index80b3.html]
[index.php/Special_RecentChanges]
[index.php/Special_Random]
[index.php/Beef_Jerky.html]
[index.php/Special_WhatLinksHere/Main_Page]
[wiki/Special_MyLanguage/Help_Contents.html]
[index.php/Special_RecentChangesLinked/Main_Page]
[index.php/Special_Upload.html]
[index.php/Special_SpecialPages.html]
[indexef8c.html]
[indexfb00.html]
[index2025.html]
[index.php/Main_Page.html]
[load6cab.css]
[index0c49.html]
[index.php/Android.html]
[index.php/Category_Recipes.html]
[index.php/Category_Lead_Sheets.html]
[index.php/Category_Projects.html]
[index.php/My_Songs.html]
[index.php/Note_To_Self.html]
[index.php/Interesting_Extensions.html]
[index.php/Collaborative_Game_Development.html]
[indexcf80.html]
[index33b9.html]
[index30ae.html]
[index0fd5.html]
[index.php/User_TheGleep.html]
[index.php/User_talk_TheGleep.html]
[index.php/Special_Preferences.html]
[index.php/Special_Watchlist.html]
[index.php/Special_Contributions/TheGleep.html]
[index69f0.html]
[index.php/Talk_Main_Page.html]
[indexa1df.html]
[indexe2e8.html]
[index9a72.html]
[index.php/Special_MovePage/Main_Page.html]
[index80b3.html]
[index.php/Special_RecentChanges.html]
[index.php/Beef_Jerky.html]
[wiki/Special_MyLanguage/Help_Contents.html]
[index.php/Special_WhatLinksHere/Main_Page.html]
[index.php/Special_RecentChangesLinked/Main_Page.html]
[index.php/Special_Upload.html]
[index.php/Special_SpecialPages.html]
[indexef8c.html]
[indexfb00.html]
[index2025.html]
[index0e42.html]
[index0e42.html]
[opensearch_desc.html]
[index0c49.html]
[opensearch_desc.html]
[index.php/Android.html]
